Archive member included to satisfy reference by file (symbol)

c:/program files (x86)/microchip/xc8/v2.10/avr/bin/../lib/gcc/avr/5.4.0/avr5/memx-const\libgcc.a(_exit.o)
                              C:/Program Files (x86)/Microchip/MPLABX/v5.35/packs/Microchip/ATmega_DFP/2.1.87/gcc/dev/atmega32a/avr5/memx-const/crtatmega32a.o (exit)
c:/program files (x86)/microchip/xc8/v2.10/avr/bin/../lib/gcc/avr/5.4.0/avr5/memx-const\libgcc.a(_copy_data.o)
                              build/default/production/main.o (__do_clear_bss)

Allocating common symbols
Common symbol       size              file

data                0x1               build/default/production/main.o

Discarded input sections

 .data          0x00000000        0x0 C:/Program Files (x86)/Microchip/MPLABX/v5.35/packs/Microchip/ATmega_DFP/2.1.87/gcc/dev/atmega32a/avr5/memx-const/crtatmega32a.o
 .bss           0x00000000        0x0 C:/Program Files (x86)/Microchip/MPLABX/v5.35/packs/Microchip/ATmega_DFP/2.1.87/gcc/dev/atmega32a/avr5/memx-const/crtatmega32a.o
 .text          0x00000000        0x0 build/default/production/main.o
 .data          0x00000000        0x0 build/default/production/main.o
 .bss           0x00000000        0x0 build/default/production/main.o
 .text          0x00000000        0x0 build/default/production/SPI_MASTER.o
 .data          0x00000000        0x0 build/default/production/SPI_MASTER.o
 .bss           0x00000000        0x0 build/default/production/SPI_MASTER.o
 .text          0x00000000        0x0 build/default/production/DIO.o
 .data          0x00000000        0x0 build/default/production/DIO.o
 .bss           0x00000000        0x0 build/default/production/DIO.o
 .text.SET_PORT_AS
                0x00000000       0xa8 build/default/production/DIO.o
 .text          0x00000000        0x0 build/default/production/USART.o
 .data          0x00000000        0x0 build/default/production/USART.o
 .bss           0x00000000        0x0 build/default/production/USART.o
 .text.uart_recieve
                0x00000000        0x8 build/default/production/USART.o
 .text.uart_transmit
                0x00000000        0x8 build/default/production/USART.o
 .text.uart_transmit_polling
                0x00000000       0x20 build/default/production/USART.o
 .text          0x00000000        0x0 c:/program files (x86)/microchip/xc8/v2.10/avr/bin/../lib/gcc/avr/5.4.0/avr5/memx-const\libgcc.a(_exit.o)
 .data          0x00000000        0x0 c:/program files (x86)/microchip/xc8/v2.10/avr/bin/../lib/gcc/avr/5.4.0/avr5/memx-const\libgcc.a(_exit.o)
 .bss           0x00000000        0x0 c:/program files (x86)/microchip/xc8/v2.10/avr/bin/../lib/gcc/avr/5.4.0/avr5/memx-const\libgcc.a(_exit.o)
 .text.libgcc.mul
                0x00000000        0x0 c:/program files (x86)/microchip/xc8/v2.10/avr/bin/../lib/gcc/avr/5.4.0/avr5/memx-const\libgcc.a(_exit.o)
 .text.libgcc.div
                0x00000000        0x0 c:/program files (x86)/microchip/xc8/v2.10/avr/bin/../lib/gcc/avr/5.4.0/avr5/memx-const\libgcc.a(_exit.o)
 .text.libgcc   0x00000000        0x0 c:/program files (x86)/microchip/xc8/v2.10/avr/bin/../lib/gcc/avr/5.4.0/avr5/memx-const\libgcc.a(_exit.o)
 .text.libgcc.prologue
                0x00000000        0x0 c:/program files (x86)/microchip/xc8/v2.10/avr/bin/../lib/gcc/avr/5.4.0/avr5/memx-const\libgcc.a(_exit.o)
 .text.libgcc.builtins
                0x00000000        0x0 c:/program files (x86)/microchip/xc8/v2.10/avr/bin/../lib/gcc/avr/5.4.0/avr5/memx-const\libgcc.a(_exit.o)
 .text.libgcc.fmul
                0x00000000        0x0 c:/program files (x86)/microchip/xc8/v2.10/avr/bin/../lib/gcc/avr/5.4.0/avr5/memx-const\libgcc.a(_exit.o)
 .text.libgcc.fixed
                0x00000000        0x0 c:/program files (x86)/microchip/xc8/v2.10/avr/bin/../lib/gcc/avr/5.4.0/avr5/memx-const\libgcc.a(_exit.o)
 .text          0x00000000        0x0 c:/program files (x86)/microchip/xc8/v2.10/avr/bin/../lib/gcc/avr/5.4.0/avr5/memx-const\libgcc.a(_copy_data.o)
 .data          0x00000000        0x0 c:/program files (x86)/microchip/xc8/v2.10/avr/bin/../lib/gcc/avr/5.4.0/avr5/memx-const\libgcc.a(_copy_data.o)
 .bss           0x00000000        0x0 c:/program files (x86)/microchip/xc8/v2.10/avr/bin/../lib/gcc/avr/5.4.0/avr5/memx-const\libgcc.a(_copy_data.o)
 .text.libgcc.mul
                0x00000000        0x0 c:/program files (x86)/microchip/xc8/v2.10/avr/bin/../lib/gcc/avr/5.4.0/avr5/memx-const\libgcc.a(_copy_data.o)
 .text.libgcc.div
                0x00000000        0x0 c:/program files (x86)/microchip/xc8/v2.10/avr/bin/../lib/gcc/avr/5.4.0/avr5/memx-const\libgcc.a(_copy_data.o)
 .text.libgcc   0x00000000        0x0 c:/program files (x86)/microchip/xc8/v2.10/avr/bin/../lib/gcc/avr/5.4.0/avr5/memx-const\libgcc.a(_copy_data.o)
 .text.libgcc.prologue
                0x00000000        0x0 c:/program files (x86)/microchip/xc8/v2.10/avr/bin/../lib/gcc/avr/5.4.0/avr5/memx-const\libgcc.a(_copy_data.o)
 .text.libgcc.builtins
                0x00000000        0x0 c:/program files (x86)/microchip/xc8/v2.10/avr/bin/../lib/gcc/avr/5.4.0/avr5/memx-const\libgcc.a(_copy_data.o)
 .text.libgcc.fmul
                0x00000000        0x0 c:/program files (x86)/microchip/xc8/v2.10/avr/bin/../lib/gcc/avr/5.4.0/avr5/memx-const\libgcc.a(_copy_data.o)
 .text.libgcc.fixed
                0x00000000        0x0 c:/program files (x86)/microchip/xc8/v2.10/avr/bin/../lib/gcc/avr/5.4.0/avr5/memx-const\libgcc.a(_copy_data.o)

Memory Configuration

Name             Origin             Length             Attributes
text             0x00000000         0x00008000         xr
data             0x00800060         0x00000800         rw !x
eeprom           0x00810000         0x00000400         rw !x
fuse             0x00820000         0x00000002         rw !x
lock             0x00830000         0x00000400         rw !x
signature        0x00840000         0x00000400         rw !x
user_signatures  0x00850000         0x00000400         rw !x
*default*        0x00000000         0xffffffff

Linker script and memory map

LOAD C:/Program Files (x86)/Microchip/MPLABX/v5.35/packs/Microchip/ATmega_DFP/2.1.87/gcc/dev/atmega32a/avr5/memx-const/crtatmega32a.o
                0x00000001                __MPLAB_BUILD = 0x1
LOAD build/default/production/main.o
LOAD build/default/production/SPI_MASTER.o
LOAD build/default/production/DIO.o
LOAD build/default/production/USART.o
START GROUP
LOAD c:/program files (x86)/microchip/xc8/v2.10/avr/bin/../lib/gcc/avr/5.4.0/../../../../avr/lib/avr5/memx-const\libm.a
END GROUP
START GROUP
LOAD c:/program files (x86)/microchip/xc8/v2.10/avr/bin/../lib/gcc/avr/5.4.0/avr5/memx-const\libgcc.a
LOAD c:/program files (x86)/microchip/xc8/v2.10/avr/bin/../lib/gcc/avr/5.4.0/../../../../avr/lib/avr5/memx-const\libm.a
LOAD c:/program files (x86)/microchip/xc8/v2.10/avr/bin/../lib/gcc/avr/5.4.0/../../../../avr/lib/avr5/memx-const\libc.a
LOAD C:/Program Files (x86)/Microchip/MPLABX/v5.35/packs/Microchip/ATmega_DFP/2.1.87/gcc/dev/atmega32a/avr5/memx-const\libatmega32a.a
END GROUP
                [0x00000000]                __TEXT_REGION_ORIGIN__ = DEFINED (__TEXT_REGION_ORIGIN__)?__TEXT_REGION_ORIGIN__:0x0
                [0x00800060]                __DATA_REGION_ORIGIN__ = DEFINED (__DATA_REGION_ORIGIN__)?__DATA_REGION_ORIGIN__:0x800060
                [0x00008000]                __TEXT_REGION_LENGTH__ = DEFINED (__TEXT_REGION_LENGTH__)?__TEXT_REGION_LENGTH__:0x20000
                [0x00000800]                __DATA_REGION_LENGTH__ = DEFINED (__DATA_REGION_LENGTH__)?__DATA_REGION_LENGTH__:0xffa0
                [0x00000400]                __EEPROM_REGION_LENGTH__ = DEFINED (__EEPROM_REGION_LENGTH__)?__EEPROM_REGION_LENGTH__:0x10000
                [0x00000002]                __FUSE_REGION_LENGTH__ = DEFINED (__FUSE_REGION_LENGTH__)?__FUSE_REGION_LENGTH__:0x400
                0x00000400                __LOCK_REGION_LENGTH__ = DEFINED (__LOCK_REGION_LENGTH__)?__LOCK_REGION_LENGTH__:0x400
                0x00000400                __SIGNATURE_REGION_LENGTH__ = DEFINED (__SIGNATURE_REGION_LENGTH__)?__SIGNATURE_REGION_LENGTH__:0x400
                0x00000400                __USER_SIGNATURE_REGION_LENGTH__ = DEFINED (__USER_SIGNATURE_REGION_LENGTH__)?__USER_SIGNATURE_REGION_LENGTH__:0x400

.hash
 *(.hash)

.dynsym
 *(.dynsym)

.dynstr
 *(.dynstr)

.gnu.version
 *(.gnu.version)

.gnu.version_d
 *(.gnu.version_d)

.gnu.version_r
 *(.gnu.version_r)

.rel.init
 *(.rel.init)

.rela.init
 *(.rela.init)

.rel.text
 *(.rel.text)
 *(.rel.text.*)
 *(.rel.gnu.linkonce.t*)

.rela.text
 *(.rela.text)
 *(.rela.text.*)
 *(.rela.gnu.linkonce.t*)

.rel.fini
 *(.rel.fini)

.rela.fini
 *(.rela.fini)

.rel.rodata
 *(.rel.rodata)
 *(.rel.rodata.*)
 *(.rel.gnu.linkonce.r*)

.rela.rodata
 *(.rela.rodata)
 *(.rela.rodata.*)
 *(.rela.gnu.linkonce.r*)

.rel.data
 *(.rel.data)
 *(.rel.data.*)
 *(.rel.gnu.linkonce.d*)

.rela.data
 *(.rela.data)
 *(.rela.data.*)
 *(.rela.gnu.linkonce.d*)

.rel.ctors
 *(.rel.ctors)

.rela.ctors
 *(.rela.ctors)

.rel.dtors
 *(.rel.dtors)

.rela.dtors
 *(.rela.dtors)

.rel.got
 *(.rel.got)

.rela.got
 *(.rela.got)

.rel.bss
 *(.rel.bss)

.rela.bss
 *(.rela.bss)

.rel.plt
 *(.rel.plt)

.rela.plt
 *(.rela.plt)

.text           0x00000000       0xae
 *(.vectors)
 .vectors       0x00000000       0x54 C:/Program Files (x86)/Microchip/MPLABX/v5.35/packs/Microchip/ATmega_DFP/2.1.87/gcc/dev/atmega32a/avr5/memx-const/crtatmega32a.o
                0x00000000                __vector_default
                0x00000000                __vectors
 *(.vectors)
 *(.progmem.gcc*)
 *(.dinit)
 .dinit         0x00000054        0x5 data_init
                0x0000005a                . = ALIGN (0x2)
 *fill*         0x00000059        0x1 
                0x0000005a                __trampolines_start = .
 *(.trampolines)
 .trampolines   0x0000005a        0x0 linker stubs
 *(.trampolines*)
                0x0000005a                __trampolines_end = .
 *libprintf_flt.a:*(.progmem.data)
 *libc.a:*(.progmem.data)
                0x0000005a                . = ALIGN (0x2)
 *(.jumptables)
 *(.jumptables*)
 *(.lowtext)
 *(.lowtext*)
                0x0000005a                __ctors_start = .
 *(.ctors)
                0x0000005a                __ctors_end = .
                0x0000005a                __dtors_start = .
 *(.dtors)
                0x0000005a                __dtors_end = .
 SORT(*)(.ctors)
 SORT(*)(.dtors)
 *(.init0)
 .init0         0x0000005a        0x0 C:/Program Files (x86)/Microchip/MPLABX/v5.35/packs/Microchip/ATmega_DFP/2.1.87/gcc/dev/atmega32a/avr5/memx-const/crtatmega32a.o
                0x0000005a                __init
 *(.init0)
 *(.init1)
 *(.init1)
 *(.init2)
 .init2         0x0000005a        0xc C:/Program Files (x86)/Microchip/MPLABX/v5.35/packs/Microchip/ATmega_DFP/2.1.87/gcc/dev/atmega32a/avr5/memx-const/crtatmega32a.o
 *(.init2)
 *(.init3)
 *(.init3)
 *(.init4)
 .init4         0x00000066       0x3c c:/program files (x86)/microchip/xc8/v2.10/avr/bin/../lib/gcc/avr/5.4.0/avr5/memx-const\libgcc.a(_copy_data.o)
                0x00000066                __do_copy_data
                0x00000094                __do_clear_bss
 *(.init4)
 *(.init5)
 *(.init5)
 *(.init6)
 *(.init6)
 *(.init7)
 *(.init7)
 *(.init8)
 *(.init8)
 *(.init9)
 .init9         0x000000a2        0x8 C:/Program Files (x86)/Microchip/MPLABX/v5.35/packs/Microchip/ATmega_DFP/2.1.87/gcc/dev/atmega32a/avr5/memx-const/crtatmega32a.o
 *(.init9)
                0x000000aa                . = ALIGN (0x2)
 *(.fini9)
 .fini9         0x000000aa        0x0 c:/program files (x86)/microchip/xc8/v2.10/avr/bin/../lib/gcc/avr/5.4.0/avr5/memx-const\libgcc.a(_exit.o)
                0x000000aa                _exit
                0x000000aa                exit
 *(.fini9)
 *(.fini8)
 *(.fini8)
 *(.fini7)
 *(.fini7)
 *(.fini6)
 *(.fini6)
 *(.fini5)
 *(.fini5)
 *(.fini4)
 *(.fini4)
 *(.fini3)
 *(.fini3)
 *(.fini2)
 *(.fini2)
 *(.fini1)
 *(.fini1)
 *(.fini0)
 .fini0         0x000000aa        0x4 c:/program files (x86)/microchip/xc8/v2.10/avr/bin/../lib/gcc/avr/5.4.0/avr5/memx-const\libgcc.a(_exit.o)
 *(.fini0)
                0x000000ae                _etext = .

.data           0x00800060        0x0 load address 0x000000ae
                [!provide]                PROVIDE (__data_start, .)
 *(.gnu.linkonce.d*)
 *(.gnu.linkonce.r*)
                0x00800060                . = ALIGN (0x2)
 *fill*         0x00800060        0x0 
                0x00800060                _edata = .
                [!provide]                PROVIDE (__data_end, .)

.bss            0x00800060        0x1
                [!provide]                PROVIDE (__bss_start, .)
 *(COMMON)
 COMMON         0x00800060        0x1 build/default/production/main.o
                0x00800060                data
                [!provide]                PROVIDE (__bss_end, .)
                0x000000ae                __data_load_start = LOADADDR (.data)
                0x000000ae                __data_load_end = (__data_load_start + SIZEOF (.data))

.noinit         0x00800061        0x0
                [!provide]                PROVIDE (__noinit_start, .)
 *(.noinit*)
                [!provide]                PROVIDE (__noinit_end, .)
                0x00800061                _end = .

.eeprom         0x00810000        0x0
 *(.eeprom*)
                0x00810000                __eeprom_end = .

.fuse
 *(.fuse)
 *(.lfuse)
 *(.hfuse)
 *(.efuse)

.lock
 *(.lock*)

.signature
 *(.signature*)

.user_signatures
 *(.user_signatures*)

.stab
 *(.stab)

.stabstr
 *(.stabstr)

.stab.excl
 *(.stab.excl)

.stab.exclstr
 *(.stab.exclstr)

.stab.index
 *(.stab.index)

.stab.indexstr
 *(.stab.indexstr)

.comment        0x00000000       0x2f
 *(.comment)
 .comment       0x00000000       0x2f build/default/production/main.o
                                 0x30 (size before relaxing)
 .comment       0x0000002f       0x30 build/default/production/SPI_MASTER.o
 .comment       0x0000002f       0x30 build/default/production/DIO.o
 .comment       0x0000002f       0x30 build/default/production/USART.o

.note.gnu.build-id
 *(.note.gnu.build-id)

.debug
 *(.debug)

.line
 *(.line)

.debug_srcinfo
 *(.debug_srcinfo)

.debug_sfnames
 *(.debug_sfnames)

.debug_aranges  0x00000000       0xb0
 *(.debug_aranges)
 .debug_aranges
                0x00000000       0x28 build/default/production/main.o
 .debug_aranges
                0x00000028       0x28 build/default/production/SPI_MASTER.o
 .debug_aranges
                0x00000050       0x28 build/default/production/DIO.o
 .debug_aranges
                0x00000078       0x38 build/default/production/USART.o

.debug_pubnames
 *(.debug_pubnames)

.debug_info     0x00000000     0x10b2
 *(.debug_info .gnu.linkonce.wi.*)
 .debug_info    0x00000000      0x4e6 C:/Program Files (x86)/Microchip/MPLABX/v5.35/packs/Microchip/ATmega_DFP/2.1.87/gcc/dev/atmega32a/avr5/memx-const/crtatmega32a.o
 .debug_info    0x000004e6      0x345 build/default/production/main.o
 .debug_info    0x0000082b      0x276 build/default/production/SPI_MASTER.o
 .debug_info    0x00000aa1      0x2a7 build/default/production/DIO.o
 .debug_info    0x00000d48      0x36a build/default/production/USART.o

.debug_abbrev   0x00000000      0x74a
 *(.debug_abbrev)
 .debug_abbrev  0x00000000      0x4a3 C:/Program Files (x86)/Microchip/MPLABX/v5.35/packs/Microchip/ATmega_DFP/2.1.87/gcc/dev/atmega32a/avr5/memx-const/crtatmega32a.o
 .debug_abbrev  0x000004a3       0xd1 build/default/production/main.o
 .debug_abbrev  0x00000574       0x6d build/default/production/SPI_MASTER.o
 .debug_abbrev  0x000005e1       0x8d build/default/production/DIO.o
 .debug_abbrev  0x0000066e       0xdc build/default/production/USART.o

.debug_line     0x00000000      0x8bf
 *(.debug_line .debug_line.* .debug_line_end)
 .debug_line    0x00000000      0x119 C:/Program Files (x86)/Microchip/MPLABX/v5.35/packs/Microchip/ATmega_DFP/2.1.87/gcc/dev/atmega32a/avr5/memx-const/crtatmega32a.o
 .debug_line    0x00000119       0xe0 build/default/production/main.o
 .debug_line    0x000001f9       0xb9 build/default/production/SPI_MASTER.o
 .debug_line    0x000002b2      0x48d build/default/production/DIO.o
 .debug_line    0x0000073f      0x180 build/default/production/USART.o

.debug_frame    0x00000000      0x148
 *(.debug_frame)
 .debug_frame   0x00000000       0x7c build/default/production/main.o
 .debug_frame   0x0000007c       0x34 build/default/production/SPI_MASTER.o
 .debug_frame   0x000000b0       0x34 build/default/production/DIO.o
 .debug_frame   0x000000e4       0x64 build/default/production/USART.o

.debug_str      0x00000000      0x1e5
 *(.debug_str)
 .debug_str     0x00000000      0x196 C:/Program Files (x86)/Microchip/MPLABX/v5.35/packs/Microchip/ATmega_DFP/2.1.87/gcc/dev/atmega32a/avr5/memx-const/crtatmega32a.o
 .debug_str     0x00000196       0x35 build/default/production/main.o
 .debug_str     0x000001cb        0x0 build/default/production/SPI_MASTER.o
 .debug_str     0x000001cb        0xa build/default/production/DIO.o
 .debug_str     0x000001d5       0x10 build/default/production/USART.o

.debug_loc      0x00000000       0xe5
 *(.debug_loc)
 .debug_loc     0x00000000       0x6c build/default/production/DIO.o
 .debug_loc     0x0000006c       0x79 build/default/production/USART.o

.debug_macinfo
 *(.debug_macinfo)

.debug_weaknames
 *(.debug_weaknames)

.debug_funcnames
 *(.debug_funcnames)

.debug_typenames
 *(.debug_typenames)

.debug_varnames
 *(.debug_varnames)

.debug_pubtypes
 *(.debug_pubtypes)

.debug_ranges   0x00000000       0x70
 *(.debug_ranges)
 .debug_ranges  0x00000000       0x18 build/default/production/main.o
 .debug_ranges  0x00000018       0x18 build/default/production/SPI_MASTER.o
 .debug_ranges  0x00000030       0x18 build/default/production/DIO.o
 .debug_ranges  0x00000048       0x28 build/default/production/USART.o

.debug_macro
 *(.debug_macro)
OUTPUT(dist/default/production/SMARTHOME_MASTER.X.production.elf elf32-avr)
LOAD linker stubs
LOAD data_init

.note.gnu.avr.deviceinfo
                0x00000000       0x3c
 .note.gnu.avr.deviceinfo
                0x00000000       0x3c C:/Program Files (x86)/Microchip/MPLABX/v5.35/packs/Microchip/ATmega_DFP/2.1.87/gcc/dev/atmega32a/avr5/memx-const/crtatmega32a.o

.text.SET_PIN_AS
                0x000000ae      0x2dc
 .text.SET_PIN_AS
                0x000000ae      0x2dc build/default/production/DIO.o
                0x000000ae                SET_PIN_AS

.text.__vector_13
                0x0000038a       0x66
 .text.__vector_13
                0x0000038a       0x66 build/default/production/main.o
                0x0000038a                __vector_13

.text.uart_init
                0x000003f0       0x58
 .text.uart_init
                0x000003f0       0x58 build/default/production/USART.o
                0x000003f0                uart_init

.text.main      0x00000448       0x2a
 .text.main     0x00000448       0x2a build/default/production/main.o
                0x00000448                main

.text.SPI_MASTER_INIT
                0x00000472       0x10
 .text.SPI_MASTER_INIT
                0x00000472       0x10 build/default/production/SPI_MASTER.o
                0x00000472                SPI_MASTER_INIT

.text.SPI_MASTER_SEND
                0x00000482        0x8
 .text.SPI_MASTER_SEND
                0x00000482        0x8 build/default/production/SPI_MASTER.o
                0x00000482                SPI_MASTER_SEND

.text           0x0000048a        0x4
 .text          0x0000048a        0x4 C:/Program Files (x86)/Microchip/MPLABX/v5.35/packs/Microchip/ATmega_DFP/2.1.87/gcc/dev/atmega32a/avr5/memx-const/crtatmega32a.o
                0x0000048a                __vector_1
                0x0000048a                __vector_12
                0x0000048a                __bad_interrupt
                0x0000048a                __vector_6
                0x0000048a                __vector_3
                0x0000048a                __vector_11
                0x0000048a                __vector_17
                0x0000048a                __vector_19
                0x0000048a                __vector_7
                0x0000048a                __vector_5
                0x0000048a                __vector_4
                0x0000048a                __vector_9
                0x0000048a                __vector_2
                0x0000048a                __vector_15
                0x0000048a                __vector_8
                0x0000048a                __vector_14
                0x0000048a                __vector_10
                0x0000048a                __vector_16
                0x0000048a                __vector_18
                0x0000048a                __vector_20
